// Jest Snapshot v1, https://goo.gl/fbAQLP

exports[`launch the cancel intent 1`] = `
SkillResponse {
  "response": Object {
    "outputSpeech": Object {
      "ssml": "<speak>Goodbye!</speak>",
      "type": "SSML",
    },
    "shouldEndSession": true,
  },
  "sessionAttributes": Object {},
  "userAgent": "ask-node/2.7.0 Node/v8.16.0",
  "version": "1.0",
}
`;

exports[`launch the no intent 1`] = `
SkillResponse {
  "response": Object {
    "outputSpeech": Object {
      "ssml": "<speak>Goodbye!</speak>",
      "type": "SSML",
    },
    "shouldEndSession": true,
  },
  "sessionAttributes": Object {},
  "userAgent": "ask-node/2.7.0 Node/v8.16.0",
  "version": "1.0",
}
`;

exports[`launch the stop intent 1`] = `
SkillResponse {
  "response": Object {
    "outputSpeech": Object {
      "ssml": "<speak>Goodbye!</speak>",
      "type": "SSML",
    },
    "shouldEndSession": true,
  },
  "sessionAttributes": Object {},
  "userAgent": "ask-node/2.7.0 Node/v8.16.0",
  "version": "1.0",
}
`;
