// Jest Snapshot v1, https://goo.gl/fbAQLP

exports[`does not let you do other intents until you verify the pin 1`] = `
SkillResponse {
  "response": Object {
    "outputSpeech": Object {
      "ssml": "<speak>You need to login with your security pin. To login say <emphasis level=\\"strong\\">ask canvas to login with pin</emphasis>, followed by your pin digits.</speak>",
      "type": "SSML",
    },
    "shouldEndSession": true,
  },
  "sessionAttributes": Object {},
  "userAgent": "ask-node/2.7.0 Node/v8.16.1",
  "version": "1.0",
}
`;
